                                         .................::::::x;+ x           
                                        ....::.......:::..:::  xx               
                                        ......:;:;;:;;x;;X::;;=                 
               .                       ...........::&+x    x=                   
               .......                ............:::+                          
               ...;........         ...............:::;;+&                      
               ....:;.........................;:.::=;;;                         
               ....::;.............;............:+xx                            
                .......:...........+............:::;+                           
                ........:;::..:...::+:..:;:...:::+                              
                ......:::+;:;:;:;::+ ;::X&::;:::;; $                            
               ..........:::;+ $=+ =    X   ;:::;;$                             
  ..............:......:::::;X                $;;+&                             
...:.............::.:..::;=                     =X                              
..................:;;::X;;                       X                              
....:.:...:....::::;;=    $                                                     
                                                                                
....:.:...:....::::;;=    $                                                     
..................:;;::X;;                       X                              
...:.............::.:..::;=                     =X                              
  ..............:......:::::;X                $;;+&                             
               ..........:::;+ $=+ =    X   ;:::;;$                             
                ......:::+;:;:;:;::+ ;::X&::;:::;; $                            
                ........:;::..:...::+:..:;:...:::+                              
