Input array is: 
[10,7,8,9,1,5]
Sorted array is: 
[1,5,7,8,9,10]
