# PART 1: Number of distinct one-direcitonal paths in caves: 10
# PART 2: Number of distinct multi-directional paths in caves: 36
