# PART 1: Syntax error points: 26397
# PART 2: Autocomplete points: 288957
