# PART 1: Number of increases in values: 7
# PART 2: Number of increases in sum of sliding window: 5
