# PART 1: Total flashes after 100 steps: 232
# PART 2: All octopuses flash after 96 steps
