# PART 1: Submarine position value: 150
# PART 2: Submarine position value: 900
