# PART 1: Submarine power: 198
# PART 2: Life support rating: 230
