# PART 1: First bingo score: 4512
# PART 2: Last bingo score: 1924
