# PART 1: Non-diagonal overlap: 5
# PART 2: Overlap: 12
