# PART 1: Laternfish after 80 days: 5934
# PART 2: Laternfish after 256 days: 26984457539
