# PART 1: Minimum fuel cost is 37
# PART 2: Minimum fuel cost is 168
