# PART 1: Digits 1, 4, 7 and 8 appear 26 times
# PART 2: Sum of all output values is 61229
