# PART 1: Sum of low points: 15
# PART 2: Multiple of basin sizes: 1134
