# PART 1: 2 valid passwords
# PART 2: 1 valid passwords
