# PART 1: Number of trees hit: 7
# PART 2: Number of trees hit: 336
