# PART 1: Valid passwords: 2
# PART 2: Valid passwords: 2
