# PART 1: Highest seat ID: 820
# PART 2: Empty seat at seat ID: 120
