# PART 1: 11 questions answered
# PART 2: 6 questions answered
