true
[5,4,2,62,1]
[2,62]
[5,4,9,1]
[9,1]
[2,3,4,5,6,7]
[2,6,7,8,6,7,4,5]
[2,6,7,8,5]
[2,8,9]
[12,18,9]
true
[18,9]
[9,18]
[18]
[e,l,l,o]
[l,l,o]
[h,e,l]
[h,e,l,l]
[h,e,l,l,o]
