[5,6,7]
5
6
7
7
8
9
[4,8,12]
[13,16]
array: 
[6,7]
array.push(8): 
[6,7,8]
array.length: 3
array.push(9): 
[6,7,8,9]
array.length: 4
concat([10, 11]): 
[6,7,8,9,10,11]
array.pop(): 
[6,7,8,9,10]
array[2]: 
8
array[3]: 
9
1
2
[5,6,7]
[5,6,7]
h
e
y
arr: 3,4,5
arr[0]: 3
arr[1]: 4
arr[2]: 5
arr[0] = 6: 6
arr[1] += 45: 49
arr[1] -= 25: 24
arr: 6,24,5
