Hello World!
<fn f>
step 1
result: 1
Hi John
42
52
7
