S { x = 2, y = 3 }
S { x = 4, y = 3 }
S { x = 4, y = 3 }
Point { text = "default value", x = 3, y = 4 }
Point { text = "default value", x = 3, y = 4 }
Point { text = "default value", x = 5, y = 4 }
