{
    var i = 10
    print i
}
{
    var i = 10
    if i > 7 {
        print 'yes'
    }
}
{
    var j = 'hello world'
    print j
}
{
    var i = '{7} hello' + ' ' + 'world {3}'
    print i
}
{
    print 5
    print -1
    print 15
    print 10
    print 2
}
{
    print true
    print true
    print false
    print false
    print false
    print false
    print true
    print true
    print true
    print true
    print false
    print true
    print true
    print false
}
{
    print true
    print true
    print true
    print false
    print false
    print false
    print true
}
