var b = 3
{
  var a = b + 4
  fn g() {
    return fn(x) {
      return (a + x) * 2
    }
  }
  print g()(2)
}
var f = fn() Fn(Num) Num {
  return fn(x Num) Num {
    return x + 2
  }
}
f()
