â–  test/scripts/simple-scoping.cosy, line 4:
2 | {
3 |   print x
4 |   let x = 7
          ^ Shadows existing variable.
5 |   print x
6 | }

