4 * 5 = 20
7.5 / 3 = 2.5
1
|1|
12
|1|2|
|hello from the inside|
5 squared is 25
Test struct: Test { value = "hello" }
