â–  test/scripts/top-level-return.cosy, line 1:
1 | return 'hello'
    ^^^^^^ Cannot return from top-level code.
2 | 

