â–  test/scripts/uninitialized-variables-errors.cosy, line 1:
1 | let a
        ^ Non-mutable variables must be initialized.
2 | print a
3 | 

