â–  test/scripts/variable-redefinition.cosy, line 3:
1 | fn bad() {
2 |   let a = 'first'
3 |   let a = 'second' // redefinition: should throw an error
          ^ Variable with this name already declared in this scope.
4 |   print a
5 | }

